// Vitest Snapshot v1, https://vitest.dev/guide/snapshot.html

exports[`CinematicContextCard > renders Season 1 fixture 1`] = `"<div class="space-y-3"><div class="flex flex-wrap items-center justify-between gap-2"><p class="text-base font-semibold">Cinematic Context</p><div class="flex items-center gap-2"><span>Supernatural Horror</span><span>Core</span></div></div><p class="text-xs uppercase tracking-wide text-[var(--text-muted)]">The Exorcist (1973)</p><p class="text-sm text-[var(--text-muted)]">Placed in Supernatural Horror (Core) for season-1/horror. What to notice: religious ritual, possession arc, and practical terror craft. Journey-worthiness 0.78 vs threshold 0.60.</p></div>"`;

exports[`CinematicContextCard > renders Season 2 fixture in compact mode 1`] = `"<div class="space-y-2 p-3"><div class="flex flex-wrap items-center justify-between gap-2"><p class="text-sm font-semibold">Cinematic Context</p><div class="flex items-center gap-2"><span>Midnight Movies</span><span>Core</span></div></div><p class="text-xs uppercase tracking-wide text-[var(--text-muted)]">Eraserhead (1977)</p><p class="text-xs text-[var(--text-muted)]">Placed in Midnight Movies (Core) for season-2/cult-classics. What to notice: midnight ritual audience dynamics and avant-garde dread textures. Curated cult confidence is 90 with 4 supporting source votes.</p></div>"`;
